
Report: DELETE. Concurrency: 16. Ran: 3m56s
 * Average: 2.72 obj/s
 * Reqs: Avg: 205.5ms, 50%: 80.3ms, 90%: 752.1ms, 99%: 1556.4ms, Fastest: 5.7ms, Slowest: 3026.9ms, StdDev: 368.7ms

Throughput, split into 236 x 1s:
 * Fastest: 8.40 obj/s
 * 50% Median: 2.37 obj/s
 * Slowest: 0.00 obj/s

──────────────────────────────────

Report: GET. Concurrency: 16. Ran: 3m59s
 * Average: 121.67 MiB/s, 12.17 obj/s
 * Reqs: Avg: 1002.1ms, 50%: 352.9ms, 90%: 3312.1ms, 99%: 4560.3ms, Fastest: 22.3ms, Slowest: 5649.0ms, StdDev: 1233.8ms
 * TTFB: Avg: 231ms, Best: 4ms, 25th: 85ms, Median: 131ms, 75th: 234ms, 90th: 624ms, 99th: 1.433s, Worst: 2.508s StdDev: 268ms

Throughput, split into 239 x 1s:
 * Fastest: 167.1MiB/s, 16.71 obj/s
 * 50% Median: 120.6MiB/s, 12.06 obj/s
 * Slowest: 72.1MiB/s, 7.21 obj/s

──────────────────────────────────

Report: PUT. Concurrency: 16. Ran: 3m58s
 * Average: 40.62 MiB/s, 4.06 obj/s
 * Reqs: Avg: 844.0ms, 50%: 422.6ms, 90%: 2699.4ms, 99%: 3687.5ms, Fastest: 145.3ms, Slowest: 4875.0ms, StdDev: 969.4ms

Throughput, split into 238 x 1s:
 * Fastest: 95.4MiB/s, 9.54 obj/s
 * 50% Median: 40.4MiB/s, 4.04 obj/s
 * Slowest: 2.1MiB/s, 0.21 obj/s

──────────────────────────────────

Report: STAT. Concurrency: 16. Ran: 3m57s
 * Average: 8.11 obj/s
 * Reqs: Avg: 57.6ms, 50%: 6.3ms, 90%: 186.5ms, 99%: 803.9ms, Fastest: 1.1ms, Slowest: 1769.4ms, StdDev: 141.8ms

Throughput, split into 237 x 1s:
 * Fastest: 18.38 obj/s
 * 50% Median: 8.00 obj/s
 * Slowest: 0.00 obj/s


──────────────────────────────────

Report: Total. Concurrency: 16. Ran: 3m59s
 * Average: 162.35 MiB/s, 27.03 obj/s

Throughput, split into 239 x 1s:
 * Fastest: 168.6MiB/s, 40.24 obj/s
 * 50% Median: 158.1MiB/s, 26.81 obj/s
 * Slowest: 159.8MiB/s, 16.86 obj/s

